// Jest Snapshot v1, https://goo.gl/fbAQLP

exports[`Renders Rockets component correctly 1`] = `
<div
  className="Rockets"
/>
`;
